
> starter_helpi@0.1.0 test
> react-scripts test --coverage

  console.error
    Error accessing webcam:  TypeError: Cannot read properties of undefined (reading 'getUserMedia')
        at getMedia (/home/runner/work/photoframe/photoframe/src/RTC.tsx:9:61)
        at /home/runner/work/photoframe/photoframe/src/RTC.tsx:18:9
        at commitHookEffectListMount (/home/runner/work/photoframe/photoframe/node_modules/react-dom/cjs/react-dom.development.js:23150:26)
        at commitPassiveMountOnFiber (/home/runner/work/photoframe/photoframe/node_modules/react-dom/cjs/react-dom.development.js:24931:11)
        at commitPassiveMountEffects_complete (/home/runner/work/photoframe/photoframe/node_modules/react-dom/cjs/react-dom.development.js:24891:9)
        at commitPassiveMountEffects_begin (/home/runner/work/photoframe/photoframe/node_modules/react-dom/cjs/react-dom.development.js:24878:7)
        at commitPassiveMountEffects (/home/runner/work/photoframe/photoframe/node_modules/react-dom/cjs/react-dom.development.js:24866:3)
        at flushPassiveEffectsImpl (/home/runner/work/photoframe/photoframe/node_modules/react-dom/cjs/react-dom.development.js:27039:3)
        at flushPassiveEffects (/home/runner/work/photoframe/photoframe/node_modules/react-dom/cjs/react-dom.development.js:26984:14)
        at /home/runner/work/photoframe/photoframe/node_modules/react-dom/cjs/react-dom.development.js:26769:9
        at flushActQueue (/home/runner/work/photoframe/photoframe/node_modules/react/cjs/react.development.js:2667:24)
        at act (/home/runner/work/photoframe/photoframe/node_modules/react/cjs/react.development.js:2582:11)
        at /home/runner/work/photoframe/photoframe/node_modules/@testing-library/react/dist/act-compat.js:63:25
        at renderRoot (/home/runner/work/photoframe/photoframe/node_modules/@testing-library/react/dist/pure.js:159:26)
        at render (/home/runner/work/photoframe/photoframe/node_modules/@testing-library/react/dist/pure.js:246:10)
        at Object.<anonymous> (/home/runner/work/photoframe/photoframe/src/App.test.tsx:6:9)
        at Promise.then.completed (/home/runner/work/photoframe/photoframe/node_modules/jest-circus/build/utils.js:391:28)
        at new Promise (<anonymous>)
        at callAsyncCircusFn (/home/runner/work/photoframe/photoframe/node_modules/jest-circus/build/utils.js:316:10)
        at _callCircusTest (/home/runner/work/photoframe/photoframe/node_modules/jest-circus/build/run.js:218:40)
        at processTicksAndRejections (node:internal/process/task_queues:95:5)
        at _runTest (/home/runner/work/photoframe/photoframe/node_modules/jest-circus/build/run.js:155:3)
        at _runTestsForDescribeBlock (/home/runner/work/photoframe/photoframe/node_modules/jest-circus/build/run.js:66:9)
        at run (/home/runner/work/photoframe/photoframe/node_modules/jest-circus/build/run.js:25:3)
        at runAndTransformResultsToJestFormat (/home/runner/work/photoframe/photoframe/node_modules/jest-circus/build/legacy-code-todo-rewrite/jestAdapterInit.js:170:21)
        at jestAdapter (/home/runner/work/photoframe/photoframe/node_modules/jest-circus/build/legacy-code-todo-rewrite/jestAdapter.js:82:19)
        at runTestInternal (/home/runner/work/photoframe/photoframe/node_modules/jest-runner/build/runTest.js:389:16)
        at runTest (/home/runner/work/photoframe/photoframe/node_modules/jest-runner/build/runTest.js:475:34)
        at TestRunner.runTests (/home/runner/work/photoframe/photoframe/node_modules/jest-runner/build/index.js:101:12)
        at TestScheduler.scheduleTests (/home/runner/work/photoframe/photoframe/node_modules/@jest/core/build/TestScheduler.js:333:13)
        at runJest (/home/runner/work/photoframe/photoframe/node_modules/@jest/core/build/runJest.js:404:19)
        at _run10000 (/home/runner/work/photoframe/photoframe/node_modules/@jest/core/build/cli/index.js:320:7)
        at runCLI (/home/runner/work/photoframe/photoframe/node_modules/@jest/core/build/cli/index.js:173:3)
        at Object.run (/home/runner/work/photoframe/photoframe/node_modules/jest-cli/build/cli/index.js:155:37)

      12 |                 }
      13 |             } [36mcatch[39m (err) {
    > 14 |                 console[33m.[39merror([32m'Error accessing webcam: '[39m[33m,[39m err)[33m;[39m
         |                         ^
      15 |             }
      16 |         }[33m;[39m
      17 |

      at getMedia (src/RTC.tsx:14:25)
      at src/RTC.tsx:18:9
      at commitHookEffectListMount (node_modules/react-dom/cjs/react-dom.development.js:23150:26)
      at commitPassiveMountOnFiber (node_modules/react-dom/cjs/react-dom.development.js:24931:11)
      at commitPassiveMountEffects_complete (node_modules/react-dom/cjs/react-dom.development.js:24891:9)
      at commitPassiveMountEffects_begin (node_modules/react-dom/cjs/react-dom.development.js:24878:7)
      at commitPassiveMountEffects (node_modules/react-dom/cjs/react-dom.development.js:24866:3)
      at flushPassiveEffectsImpl (node_modules/react-dom/cjs/react-dom.development.js:27039:3)
      at flushPassiveEffects (node_modules/react-dom/cjs/react-dom.development.js:26984:14)
      at node_modules/react-dom/cjs/react-dom.development.js:26769:9
      at flushActQueue (node_modules/react/cjs/react.development.js:2667:24)
      at act (node_modules/react/cjs/react.development.js:2582:11)
      at node_modules/@testing-library/react/dist/act-compat.js:63:25
      at renderRoot (node_modules/@testing-library/react/dist/pure.js:159:26)
      at render (node_modules/@testing-library/react/dist/pure.js:246:10)
      at Object.<anonymous> (src/App.test.tsx:6:9)
      at TestScheduler.scheduleTests (node_modules/@jest/core/build/TestScheduler.js:333:13)
      at runJest (node_modules/@jest/core/build/runJest.js:404:19)
      at _run10000 (node_modules/@jest/core/build/cli/index.js:320:7)
      at runCLI (node_modules/@jest/core/build/cli/index.js:173:3)

FAIL src/App.test.tsx
  ✕ renders learn react link (65 ms)

  ● renders learn react link

    TestingLibraryElementError: Unable to find an element with the text: /learn react/i. This could be because the text is broken up by multiple elements. In this case, you can provide a function for your text matcher to make your matcher more flexible.

    Ignored nodes: comments, script, style
    [36m<body>[39m
      [36m<div>[39m
        [36m<div[39m
          [33mclass[39m=[32m"App"[39m
        [36m>[39m
          [36m<header[39m
            [33mclass[39m=[32m"App-header"[39m
          [36m>[39m
            [36m<h1>[39m
              [0mFrame your photo perfectly![0m
            [36m</h1>[39m
            [36m<div>[39m
              [36m<video[39m
                [33mautoplay[39m=[32m""[39m
                [33mplaysinline[39m=[32m""[39m
              [36m/>[39m
            [36m</div>[39m
            [36m<h2[39m
              [33mclass[39m=[32m"description"[39m
            [36m>[39m
              [0mInput the object you are trying to take a photo of, and then try and point your webcam at the object! Using the power of AI this program will help you take the perfect photo.[0m
            [36m</h2>[39m
          [36m</header>[39m
          [36m<form[39m
            [33mclass[39m=[32m""[39m
          [36m>[39m
            [36m<label[39m
              [33mclass[39m=[32m"form-label"[39m
            [36m>[39m
              [0mAPI Key:[0m
            [36m</label>[39m
            [36m<input[39m
              [33mclass[39m=[32m"form-control"[39m
              [33mplaceholder[39m=[32m"Insert API Key Here"[39m
              [33mtype[39m=[32m"password"[39m
            [36m/>[39m
            [36m<br />[39m
            [36m<button[39m
              [33mclass[39m=[32m"Submit-Button btn btn-primary"[39m
              [33mtype[39m=[32m"button"[39m
            [36m>[39m
              [0mSubmit[0m
            [36m</button>[39m
          [36m</form>[39m
        [36m</div>[39m
      [36m</div>[39m
    [36m</body>[39m

       5 | test([32m'renders learn react link'[39m[33m,[39m () [33m=>[39m {
       6 |   render([33m<[39m[33mApp[39m [33m/[39m[33m>[39m)[33m;[39m
    >  7 |   [36mconst[39m linkElement [33m=[39m screen[33m.[39mgetByText([35m/learn react/i[39m)[33m;[39m
         |                              ^
       8 |   expect(linkElement)[33m.[39mtoBeInTheDocument()[33m;[39m
       9 | })[33m;[39m
      10 |

      at Object.getElementError (node_modules/@testing-library/react/node_modules/@testing-library/dom/dist/config.js:37:19)
      at node_modules/@testing-library/react/node_modules/@testing-library/dom/dist/query-helpers.js:76:38
      at node_modules/@testing-library/react/node_modules/@testing-library/dom/dist/query-helpers.js:52:17
      at getByText (node_modules/@testing-library/react/node_modules/@testing-library/dom/dist/query-helpers.js:95:19)
      at Object.<anonymous> (src/App.test.tsx:7:30)
      at TestScheduler.scheduleTests (node_modules/@jest/core/build/TestScheduler.js:333:13)
      at runJest (node_modules/@jest/core/build/runJest.js:404:19)
      at _run10000 (node_modules/@jest/core/build/cli/index.js:320:7)
      at runCLI (node_modules/@jest/core/build/cli/index.js:173:3)

--------------------|---------|----------|---------|---------|-------------------
File                | % Stmts | % Branch | % Funcs | % Lines | Uncovered Line #s 
--------------------|---------|----------|---------|---------|-------------------
All files           |   46.87 |     12.5 |      50 |   46.87 |                   
 App.tsx            |      60 |       50 |   33.33 |      60 | 11,19-25          
 RTC.tsx            |   81.81 |        0 |     100 |   81.81 | 10-11             
 index.tsx          |       0 |      100 |     100 |       0 | 7-19              
 reportWebVitals.ts |       0 |        0 |       0 |       0 | 3-10              
--------------------|---------|----------|---------|---------|-------------------
Test Suites: 1 failed, 1 total
Tests:       1 failed, 1 total
Snapshots:   0 total
Time:        2.391 s
Ran all test suites.
[0;33mOne of your dependencies, babel-preset-react-app, is importing the
"@babel/plugin-proposal-private-property-in-object" package without
declaring it in its dependencies. This is currently working because
"@babel/plugin-proposal-private-property-in-object" is already in your
node_modules folder for unrelated reasons, but it [1mmay break at any time[0;33m.

babel-preset-react-app is part of the create-react-app project, [1mwhich
is not maintianed anymore[0;33m. It is thus unlikely that this bug will
ever be fixed. Add "@babel/plugin-proposal-private-property-in-object" to
your devDependencies to work around this error. This will make this message
go away.[0m
  
